Microchip MPLAB XC8 Compiler V1.30 ()

Linker command line:

--edf=C:\Archivos de programa\Microchip\xc8\v1.30\dat\en_msgs.txt -cs \
  -h+dist/default/production\probandoboot.X.production.sym \
  --cmf=dist/default/production\probandoboot.X.production.cmf -z -Q18F4550 \
  -oC:\Windows\Temp\sfhk.6 \
  -Mdist/default/production/probandoboot.X.production.map -E1 -ver=XC8 \
  -ASTACK=060h-07ffh -pstack=STACK \
  -ACODE=02000h-02005h,02008h-02015h,02018h-07FFFh \
  -ACONST=02000h-02005h,02008h-02015h,02018h-07FFFh \
  -ASMALLCONST=02000h-02005h,02008h-02015h,02018h-020FFh,02100h-021FFhx95 \
  -AMEDIUMCONST=02000h-02005h,02008h-02015h,02018h-07FFFh -ACOMRAM=01h-05Fh \
  -AABS1=00h-07FFh -ABIGRAM=01h-07FFh -ARAM=060h-0FFh,0100h-01FFhx7 \
  -ABANK0=060h-0FFh -ABANK1=0100h-01FFh -ABANK2=0200h-02FFh \
  -ABANK3=0300h-03FFh -ABANK4=0400h-04FFh -ABANK5=0500h-05FFh \
  -ABANK6=0600h-06FFh -ABANK7=0700h-07FFh -ASFR=0F60h-0FFFh \
  -preset_vec=02000h,intcode=02008h,intcodelo,powerup,init,end_init \
  -pramtop=0800h -psmallconst=SMALLCONST -pmediumconst=MEDIUMCONST \
  -pconst=CONST -AFARRAM=00h-00h -ACONFIG=0300000h-030000Dh -pconfig=CONFIG \
  -AIDLOC=0200000h-0200007h -pidloc=IDLOC -AEEDATA=0F00000h-0F000FFh \
  -peeprom_data=EEDATA \
  -prdata=COMRAM,nvrram=COMRAM,nvbit=COMRAM,rbss=COMRAM,rbit=COMRAM \
  -pfarbss=FARRAM,fardata=FARRAM,nvFARRAM=FARRAM \
  -pintsave_regs=BIGRAM,bigbss=BIGRAM,bigdata=BIGRAM -pbss=RAM \
  -pidata=CODE,irdata=CODE,ibigdata=CODE,ifardata=CODE \
  C:\Windows\Temp\sfhk.obj \
  dist/default/production\probandoboot.X.production.obj 

Object code version is 3.11

Machine type is 18F4550

Call graph: (short form)




                Name                               Link     Load   Length Selector   Space Scale
C:\Windows\Temp\sfhk.obj
                end_init                           2014     2014        4     1004       0
                reset_vec                          2000     2000        4     1000       0
                idloc                            200000   200000        8   200000       0
                config                           300000   300000        E   300000       0
dist/default/production\probandoboot.X.production.obj
                intcode                            2008     2008        C     1004       0
                text7                              7C20     7C20       1C     3E10       0
                intcode_body                       7D66     7D66       7C     3EB3       0
                text5                              7CA8     7CA8       52     3E54       0
                text4                              7DE2     7DE2       9C     3EF1       0
                text3                              7CFA     7CFA       6C     3E7D       0
                text2                              7C66     7C66       42     3E33       0
                text1                              7C08     7C08       18     3E04       0
                text0                              7E7E     7E7E      182     3F3F       0
                cstackCOMRAM                          1        1       1F        1       1
                dataCOMRAM                           24       24        2        1       1
                bssCOMRAM                            20       20        4        1       1
                cinit                              7C3C     7C3C       2A     3E1E       0
                idataCOMRAM                        2004     2004        2     1000       0

TOTAL           Name                               Link     Load   Length     Space
        CLASS   STACK          

        CLASS   CODE           
                end_init                           2014     2014        4         0
                intcode                            2008     2008        C         0
                reset_vec                          2000     2000        4         0
                text7                              7C20     7C20       1C         0
                intcode_body                       7D66     7D66       7C         0
                text5                              7CA8     7CA8       52         0
                text4                              7DE2     7DE2       9C         0
                text3                              7CFA     7CFA       6C         0
                text2                              7C66     7C66       42         0
                text1                              7C08     7C08       18         0
                text0                              7E7E     7E7E      182         0
                cinit                              7C3C     7C3C       2A         0
                idataCOMRAM                        2004     2004        2         0

        CLASS   CONST          

        CLASS   SMALLCONST     

        CLASS   MEDIUMCONST    

        CLASS   COMRAM         
                cstackCOMRAM                          1        1       1F         1
                dataCOMRAM                           24       24        2         1
                bssCOMRAM                            20       20        4         1

        CLASS   ABS1           

        CLASS   BIGRAM         

        CLASS   RAM            

        CLASS   BANK0          

        CLASS   BANK1          

        CLASS   BANK2          

        CLASS   BANK3          

        CLASS   BANK4          

        CLASS   BANK5          

        CLASS   BANK6          

        CLASS   BANK7          

        CLASS   SFR            

        CLASS   FARRAM         

        CLASS   CONFIG         
                config                           300000   300000        E         0

        CLASS   IDLOC          
                idloc                            200000   200000        8         0

        CLASS   EEDATA         



SEGMENTS        Name                           Load    Length   Top    Selector   Space  Class

                cstackCOMRAM                   000001  000025  000026         1       1  COMRAM  
                reset_vec                      002000  000006  002006      1000       0  CODE    
                intcode                        002008  000010  002018      1004       0  CODE    
                text1                          007C08  000018  007C20      3E04       0  CODE    
                text7                          007C20  00001C  007C3C      3E10       0  CODE    
                cinit                          007C3C  00002A  007C66      3E1E       0  CODE    
                text2                          007C66  000042  007CA8      3E33       0  CODE    
                text5                          007CA8  000052  007CFA      3E54       0  CODE    
                text3                          007CFA  00006C  007D66      3E7D       0  CODE    
                intcode_body                   007D66  00007C  007DE2      3EB3       0  CODE    
                text4                          007DE2  00009C  007E7E      3EF1       0  CODE    
                text0                          007E7E  000182  008000      3F3F       0  CODE    
                idloc                          200000  000008  200008    200000       0  IDLOC   
                config                         300000  00000E  30000E    300000       0  CONFIG  


UNUSED ADDRESS RANGES

        Name                Unused          Largest block    Delta
        BANK0            000060-0000FF               A0
        BANK1            000100-0001FF              100
        BANK2            000200-0002FF              100
        BANK3            000300-0003FF              100
        BANK4            000400-0004FF              100
        BANK5            000500-0005FF              100
        BANK6            000600-0006FF              100
        BANK7            000700-0007FF              100
        BIGRAM           000026-0007FF              7DA
        CODE             002018-007C07             5BF0
        COMRAM           000026-00005F               3A
        CONST            002018-007C07             5BF0
        EEDATA           F00000-F000FF              100
        FARRAM           000000-000000                1
        MEDIUMCONST      002018-007C07             5BF0
        RAM              000060-0007FF              100
        SFR              000F60-000FFF               A0
        SMALLCONST       002018-007C07              100
        STACK            000060-0007FF              7A0

                                  Symbol Table

Send_4Disp@Cent          cstackCOMRAM 000011
Send_4Disp@Dec           cstackCOMRAM 000012
Send_4Disp@Nro_Disp      dataCOMRAM   000024
Send_4Disp@Umil          cstackCOMRAM 000015
Send_4Disp@Uni           cstackCOMRAM 000013
Send_Disp@Dato           cstackCOMRAM 00000F
Send_Disp@NroDisp        cstackCOMRAM 000010
_ADCON1                  (abs)        000FC1
_CMCON                   (abs)        000FB4
_INTCONbits              (abs)        000FF2
_LATA                    (abs)        000F89
_LATAbits                (abs)        000F89
_LATB                    (abs)        000F8A
_LATC                    (abs)        000F8B
_LATCbits                (abs)        000F8B
_LATD                    (abs)        000F8C
_LATDbits                (abs)        000F8C
_LATE                    (abs)        000F8D
_LATEbits                (abs)        000F8D
_PORTA                   (abs)        000F80
_PORTB                   (abs)        000F81
_PORTC                   (abs)        000F82
_PORTD                   (abs)        000F83
_PORTDbits               (abs)        000F83
_PORTE                   (abs)        000F84
_Send_4Disp              text4        007DE2
_Send_Disp               text5        007CA8
_T0CONbits               (abs)        000FD5
_TMR0H                   (abs)        000FD7
_TMR0IF                  (abs)        007F92
_TMR0L                   (abs)        000FD6
_TRISA                   (abs)        000F92
_TRISCbits               (abs)        000F94
_TRISD                   (abs)        000F95
_TRISE                   (abs)        000F96
__CFG_BOR$ON             (abs)        000000
__CFG_BORV$3             (abs)        000000
__CFG_CP0$OFF            (abs)        000000
__CFG_CP1$OFF            (abs)        000000
__CFG_CPB$OFF            (abs)        000000
__CFG_CPUDIV$OSC1_PLL2   (abs)        000000
__CFG_EBTR0$OFF          (abs)        000000
__CFG_EBTR1$OFF          (abs)        000000
__CFG_EBTRB$OFF          (abs)        000000
__CFG_FCMEN$OFF          (abs)        000000
__CFG_FOSC$HSPLL_HS      (abs)        000000
__CFG_IESO$OFF           (abs)        000000
__CFG_LPT1OSC$OFF        (abs)        000000
__CFG_LVP$OFF            (abs)        000000
__CFG_MCLRE$ON           (abs)        000000
__CFG_PBADEN$OFF         (abs)        000000
__CFG_PLLDIV$5           (abs)        000000
__CFG_PWRT$OFF           (abs)        000000
__CFG_STVREN$ON          (abs)        000000
__CFG_USBDIV$2           (abs)        000000
__CFG_VREGEN$ON          (abs)        000000
__CFG_WDT$OFF            (abs)        000000
__CFG_WDTPS$32768        (abs)        000000
__CFG_WRT0$OFF           (abs)        000000
__CFG_WRT1$OFF           (abs)        000000
__CFG_WRTB$OFF           (abs)        000000
__CFG_WRTC$OFF           (abs)        000000
__CFG_XINST$OFF          (abs)        000000
__HRAM                   (abs)        000000
__Habs1                  abs1         000000
__Hbank0                 bank0        000000
__Hbank1                 bank1        000000
__Hbank2                 bank2        000000
__Hbank3                 bank3        000000
__Hbank4                 bank4        000000
__Hbank5                 bank5        000000
__Hbank6                 bank6        000000
__Hbank7                 bank7        000000
__Hbigbss                bigbss       000000
__Hbigdata               bigdata      000000
__Hbigram                bigram       000000
__Hbss                   bss          000000
__HbssCOMRAM             bssCOMRAM    000000
__Hcinit                 cinit        000000
__Hclrtext               clrtext      000000
__Hcomram                comram       000000
__Hconfig                config       30000E
__Hconst                 const        000000
__HcstackCOMRAM          cstackCOMRAM 000000
__Hdata                  data         000000
__HdataCOMRAM            dataCOMRAM   000000
__Heeprom_data           eeprom_data  000000
__Hend_init              end_init     002018
__Hfarbss                farbss       000000
__Hfardata               fardata      000000
__Hibigdata              ibigdata     000000
__Hidata                 idata        000000
__HidataCOMRAM           idataCOMRAM  000000
__Hidloc                 idloc        200008
__Hifardata              ifardata     000000
__Hinit                  init         002014
__Hintcode               intcode      002014
__Hintcode_body          intcode_body 000000
__Hintcodelo             intcodelo    002014
__Hintentry              intentry     000000
__Hintret                intret       000000
__Hintsave_regs          intsave_regs 000000
__Hirdata                irdata       000000
__Hmediumconst           mediumconst  000000
__HnvFARRAM              nvFARRAM     000000
__Hnvbit                 nvbit        000000
__Hnvrram                nvrram       000000
__Hparam                 rparam       000000
__Hpowerup               powerup      002014
__Hram                   ram          000000
__Hramtop                ramtop       000800
__Hrbit                  rbit         000000
__Hrbss                  rbss         000000
__Hrdata                 rdata        000000
__Hreset_vec             reset_vec    002004
__Hrparam                rparam       000000
__Hsfr                   sfr          000000
__Hsmallconst            smallconst   000000
__Hstack                 stack        000000
__Hstruct                struct       000000
__Htemp                  temp         000000
__Htext                  text         000000
__Htext0                 text0        000000
__Htext1                 text1        000000
__Htext2                 text2        000000
__Htext3                 text3        000000
__Htext4                 text4        000000
__Htext5                 text5        000000
__Htext7                 text7        000000
__LRAM                   (abs)        000001
__Labs1                  abs1         000000
__Lbank0                 bank0        000000
__Lbank1                 bank1        000000
__Lbank2                 bank2        000000
__Lbank3                 bank3        000000
__Lbank4                 bank4        000000
__Lbank5                 bank5        000000
__Lbank6                 bank6        000000
__Lbank7                 bank7        000000
__Lbigbss                bigbss       000000
__Lbigdata               bigdata      000000
__Lbigram                bigram       000000
__Lbss                   bss          000000
__LbssCOMRAM             bssCOMRAM    000000
__Lcinit                 cinit        000000
__Lclrtext               clrtext      000000
__Lcomram                comram       000000
__Lconfig                config       300000
__Lconst                 const        000000
__LcstackCOMRAM          cstackCOMRAM 000000
__Ldata                  data         000000
__LdataCOMRAM            dataCOMRAM   000000
__Leeprom_data           eeprom_data  000000
__Lend_init              end_init     002014
__Lfarbss                farbss       000000
__Lfardata               fardata      000000
__Libigdata              ibigdata     000000
__Lidata                 idata        000000
__LidataCOMRAM           idataCOMRAM  000000
__Lidloc                 idloc        200000
__Lifardata              ifardata     000000
__Linit                  init         002014
__Lintcode               intcode      002008
__Lintcode_body          intcode_body 000000
__Lintcodelo             intcodelo    002014
__Lintentry              intentry     000000
__Lintret                intret       000000
__Lintsave_regs          intsave_regs 000000
__Lirdata                irdata       000000
__Lmediumconst           mediumconst  000000
__LnvFARRAM              nvFARRAM     000000
__Lnvbit                 nvbit        000000
__Lnvrram                nvrram       000000
__Lparam                 rparam       000000
__Lpowerup               powerup      002014
__Lram                   ram          000000
__Lramtop                ramtop       000800
__Lrbit                  rbit         000000
__Lrbss                  rbss         000000
__Lrdata                 rdata        000000
__Lreset_vec             reset_vec    002000
__Lrparam                rparam       000000
__Lsfr                   sfr          000000
__Lsmallconst            smallconst   000000
__Lstack                 stack        000000
__Lstruct                struct       000000
__Ltemp                  temp         000000
__Ltext                  text         000000
__Ltext0                 text0        000000
__Ltext1                 text1        000000
__Ltext2                 text2        000000
__Ltext3                 text3        000000
__Ltext4                 text4        000000
__Ltext5                 text5        000000
__Ltext7                 text7        000000
__S0                     (abs)        30000E
__S1                     (abs)        000026
__S2                     (abs)        000000
___inthi_sp              stack        000000
___intlo_sp              stack        000000
___sp                    stack        000000
__accesstop              (abs)        000060
__activetblptr           (abs)        000002
__end_of_Send_4Disp      text4        007E7E
__end_of_Send_Disp       text5        007CFA
__end_of__initialization cinit        007C5C
__end_of_leds            text3        007D66
__end_of_main            text0        008000
__end_of_myISR           intcode_body 007DE2
__end_of_pic_ini13       text2        007CA8
__end_of_tic_timer0      text7        007C3C
__end_of_timer_ini13     text1        007C20
__initialization         cinit        007C3C
__mediumconst            mediumconst  000000
__pbssCOMRAM             bssCOMRAM    000020
__pcinit                 cinit        007C3C
__pcstackCOMRAM          cstackCOMRAM 000001
__pdataCOMRAM            dataCOMRAM   000024
__pidataCOMRAM           idataCOMRAM  002004
__pintcode               intcode      002008
__pintcode_body          intcode_body 007D66
__ptext0                 text0        007E7E
__ptext1                 text1        007C08
__ptext2                 text2        007C66
__ptext3                 text3        007CFA
__ptext4                 text4        007DE2
__ptext5                 text5        007CA8
__ptext7                 text7        007C20
__ramtop                 ramtop       000800
__size_of_Send_4Disp     (abs)        000000
__size_of_Send_Disp      (abs)        000000
__size_of_leds           (abs)        000000
__size_of_main           (abs)        000000
__size_of_myISR          (abs)        000000
__size_of_pic_ini13      (abs)        000000
__size_of_tic_timer0     (abs)        000000
__size_of_timer_ini13    (abs)        000000
__smallconst             smallconst   000000
_bot_tout                bssCOMRAM    000022
_led_tout                bssCOMRAM    000020
_leds                    text3        007CFA
_main                    text0        007E7E
_mux_tout                bssCOMRAM    000023
_myISR                   intcode      002008
_pic_ini13               text2        007C66
_tic_timer0              text7        007C20
_timer_ini13             text1        007C08
end_of_initialization    cinit        007C5C
int_func                 intcode_body 007D66
intlevel0                text         000000
intlevel1                text         000000
intlevel2                text         000000
intlevel3                text         000000
leds@i                   dataCOMRAM   000025
leds@velocidad           cstackCOMRAM 00000F
main@a                   cstackCOMRAM 00001F
main@b                   cstackCOMRAM 00001E
main@faoff               cstackCOMRAM 00001B
main@faon                cstackCOMRAM 00001A
main@fbon                cstackCOMRAM 00001C
main@fvel                cstackCOMRAM 00001D
main@velocidad           cstackCOMRAM 000018
stackhi                  (abs)        0007FF
stacklo                  (abs)        000060
start                    init         002014
start_initialization     cinit        007C3C


FUNCTION INFORMATION:

 *************** function _main *****************
 Defined at:
		line 30 in file "main.c"
 Parameters:    Size  Location     Type
		None
 Auto vars:     Size  Location     Type
  velocidad       2   23[COMRAM] unsigned int 
  a               1   30[COMRAM] unsigned char 
  b               1   29[COMRAM] unsigned char 
  fvel            1   28[COMRAM] unsigned char 
  fbon            1   27[COMRAM] unsigned char 
  faoff           1   26[COMRAM] unsigned char 
  faon            1   25[COMRAM] unsigned char 
 Return value:  Size  Location     Type
		None               void
 Registers used:
		wreg, fsr0l, fsr0h, fsr1l, fsr1h, fsr1l, fsr1h, fsr2l, fsr2h, status,2, status,0, pclat, btemp, btemp+1, btemp+2, btemp+3, btemp+4, btemp+5, btemp+6, btemp+7, btemp+8, btemp+9, btemp+10, btemp+11, tosl, structret, tblptrl, tblptrh, tblptru, prodl, prodh, bsr, cstack
 Tracked objects:
		On entry : 
		On exit  : 
		Unchanged: 
 Data sizes:     COMRAM   BANK0   BANK1   BANK2   BANK3   BANK4   BANK5   BANK6   BANK7
      Params:         0       0       0       0       0       0       0       0       0
      Locals:         8       0       0       0       0       0       0       0       0
      Temps:          2       0       0       0       0       0       0       0       0
      Totals:        10       0       0       0       0       0       0       0       0
Total ram usage:       10 bytes
 Hardware stack levels required when called:    4
 This function calls:
		_Send_4Disp
		_leds
		_pic_ini13
		_timer_ini13
 This function is called by:
		Startup code after reset
 This function uses a non-reentrant model


 *************** function _timer_ini13 *****************
 Defined at:
		line 34 in file "Ap_ini.c"
 Parameters:    Size  Location     Type
		None
 Auto vars:     Size  Location     Type
		None
 Return value:  Size  Location     Type
		None               void
 Registers used:
		wreg, status,2
 Tracked objects:
		On entry : 
		On exit  : 
		Unchanged: 
 Data sizes:     COMRAM   BANK0   BANK1   BANK2   BANK3   BANK4   BANK5   BANK6   BANK7
      Params:         0       0       0       0       0       0       0       0       0
      Locals:         0       0       0       0       0       0       0       0       0
      Temps:          0       0       0       0       0       0       0       0       0
      Totals:         0       0       0       0       0       0       0       0       0
Total ram usage:        0 bytes
 Hardware stack levels used:    1
 Hardware stack levels required when called:    2
 This function calls:
		Nothing
 This function is called by:
		_main
 This function uses a non-reentrant model


 *************** function _pic_ini13 *****************
 Defined at:
		line 5 in file "Ap_ini.c"
 Parameters:    Size  Location     Type
		None
 Auto vars:     Size  Location     Type
		None
 Return value:  Size  Location     Type
		None               void
 Registers used:
		wreg, status,2
 Tracked objects:
		On entry : 
		On exit  : 
		Unchanged: 
 Data sizes:     COMRAM   BANK0   BANK1   BANK2   BANK3   BANK4   BANK5   BANK6   BANK7
      Params:         0       0       0       0       0       0       0       0       0
      Locals:         0       0       0       0       0       0       0       0       0
      Temps:          0       0       0       0       0       0       0       0       0
      Totals:         0       0       0       0       0       0       0       0       0
Total ram usage:        0 bytes
 Hardware stack levels used:    1
 Hardware stack levels required when called:    2
 This function calls:
		Nothing
 This function is called by:
		_main
 This function uses a non-reentrant model


 *************** function _leds *****************
 Defined at:
		line 46 in file "Ap_ini.c"
 Parameters:    Size  Location     Type
  velocidad       2   14[COMRAM] unsigned int 
 Auto vars:     Size  Location     Type
		None
 Return value:  Size  Location     Type
		None               void
 Registers used:
		wreg, status,2, status,0
 Tracked objects:
		On entry : 
		On exit  : 
		Unchanged: 
 Data sizes:     COMRAM   BANK0   BANK1   BANK2   BANK3   BANK4   BANK5   BANK6   BANK7
      Params:         2       0       0       0       0       0       0       0       0
      Locals:         0       0       0       0       0       0       0       0       0
      Temps:          1       0       0       0       0       0       0       0       0
      Totals:         3       0       0       0       0       0       0       0       0
Total ram usage:        3 bytes
 Hardware stack levels used:    1
 Hardware stack levels required when called:    2
 This function calls:
		Nothing
 This function is called by:
		_main
 This function uses a non-reentrant model


 *************** function _Send_4Disp *****************
 Defined at:
		line 114 in file "Ap_ini.c"
 Parameters:    Size  Location     Type
  Umil            1    wreg     unsigned char 
  Cent            1   16[COMRAM] unsigned char 
  Dec             1   17[COMRAM] unsigned char 
  Uni             1   18[COMRAM] unsigned char 
 Auto vars:     Size  Location     Type
  Umil            1   20[COMRAM] unsigned char 
 Return value:  Size  Location     Type
		None               void
 Registers used:
		wreg, fsr0l, fsr0h, fsr1l, fsr1h, fsr1l, fsr1h, fsr2l, fsr2h, status,2, status,0, pclat, btemp, btemp+1, btemp+2, btemp+3, btemp+4, btemp+5, btemp+6, btemp+7, btemp+8, btemp+9, btemp+10, btemp+11, tosl, structret, tblptrl, tblptrh, tblptru, prodl, prodh, bsr, cstack
 Tracked objects:
		On entry : 
		On exit  : 
		Unchanged: 
 Data sizes:     COMRAM   BANK0   BANK1   BANK2   BANK3   BANK4   BANK5   BANK6   BANK7
      Params:         3       0       0       0       0       0       0       0       0
      Locals:         1       0       0       0       0       0       0       0       0
      Temps:          1       0       0       0       0       0       0       0       0
      Totals:         5       0       0       0       0       0       0       0       0
Total ram usage:        5 bytes
 Hardware stack levels used:    1
 Hardware stack levels required when called:    3
 This function calls:
		_Send_Disp
 This function is called by:
		_main
 This function uses a non-reentrant model


 *************** function _Send_Disp *****************
 Defined at:
		line 83 in file "Ap_ini.c"
 Parameters:    Size  Location     Type
  NroDisp         1    wreg     unsigned char 
  Dato            1   14[COMRAM] unsigned char 
 Auto vars:     Size  Location     Type
  NroDisp         1   15[COMRAM] unsigned char 
 Return value:  Size  Location     Type
		None               void
 Registers used:
		wreg, status,2, status,0
 Tracked objects:
		On entry : 
		On exit  : 
		Unchanged: 
 Data sizes:     COMRAM   BANK0   BANK1   BANK2   BANK3   BANK4   BANK5   BANK6   BANK7
      Params:         1       0       0       0       0       0       0       0       0
      Locals:         1       0       0       0       0       0       0       0       0
      Temps:          0       0       0       0       0       0       0       0       0
      Totals:         2       0       0       0       0       0       0       0       0
Total ram usage:        2 bytes
 Hardware stack levels used:    1
 Hardware stack levels required when called:    2
 This function calls:
		Nothing
 This function is called by:
		_Send_4Disp
 This function uses a non-reentrant model


 *************** function _myISR *****************
 Defined at:
		line 110 in file "main.c"
 Parameters:    Size  Location     Type
		None
 Auto vars:     Size  Location     Type
		None
 Return value:  Size  Location     Type
		None               void
 Registers used:
		wreg, status,2, status,0, cstack
 Tracked objects:
		On entry : 
		On exit  : 
		Unchanged: 
 Data sizes:     COMRAM   BANK0   BANK1   BANK2   BANK3   BANK4   BANK5   BANK6   BANK7
      Params:         0       0       0       0       0       0       0       0       0
      Locals:         0       0       0       0       0       0       0       0       0
      Temps:         14       0       0       0       0       0       0       0       0
      Totals:        14       0       0       0       0       0       0       0       0
Total ram usage:       14 bytes
 Hardware stack levels used:    1
 Hardware stack levels required when called:    1
 This function calls:
		_tic_timer0
 This function is called by:
		Interrupt level 2
 This function uses a non-reentrant model


 *************** function _tic_timer0 *****************
 Defined at:
		line 157 in file "Ap_ini.c"
 Parameters:    Size  Location     Type
		None
 Auto vars:     Size  Location     Type
		None
 Return value:  Size  Location     Type
		None               void
 Registers used:
		wreg, status,2, status,0
 Tracked objects:
		On entry : 
		On exit  : 
		Unchanged: 
 Data sizes:     COMRAM   BANK0   BANK1   BANK2   BANK3   BANK4   BANK5   BANK6   BANK7
      Params:         0       0       0       0       0       0       0       0       0
      Locals:         0       0       0       0       0       0       0       0       0
      Temps:          0       0       0       0       0       0       0       0       0
      Totals:         0       0       0       0       0       0       0       0       0
Total ram usage:        0 bytes
 Hardware stack levels used:    1
 This function calls:
		Nothing
 This function is called by:
		_myISR
 This function uses a non-reentrant model



MODULE INFORMATION

Module		Function		Class		Link	Load	Size
shared
		__initializatio		CODE           	7C3C	0000	32

shared estimated size: 32

main.c
		_myISR         		CODE           	2008	0000	24026
		_main          		CODE           	7E7E	0000	386

main.c estimated size: 24412

Ap_ini.c
		_tic_timer0    		CODE           	7C20	0000	28
		_pic_ini13     		CODE           	7C66	0000	66
		_Send_Disp     		CODE           	7CA8	0000	82
		_Send_4Disp    		CODE           	7DE2	0000	156
		_timer_ini13   		CODE           	7C08	0000	24
		_leds          		CODE           	7CFA	0000	108

Ap_ini.c estimated size: 464

